// Jest Snapshot v1, https://goo.gl/fbAQLP

exports[`Login should render the component 1`] = `
Object {
  "asFragment": [Function],
  "baseElement": <body>
    <div>
      <div
        class="login-container"
      >
        <h1
          class="login-header mt-5 mb-5"
          data-testid="login-heading"
        >
          Login
        </h1>
        <form>
          <div>
            <label
              class="username-heading"
              for="username"
            >
              Username
            </label>
            <div
              class="mt-1"
            >
              <input
                class="px-3 py-3 bg-white border shadow-sm border-slate-300 placeholder-slate-400  disabled:bg-slate-50 disabled:text-slate-500 disabled:border-slate-200 focus:outline-none focus:border-sky-500 focus:ring-sky-500 block w-full rounded-md sm:text-sm focus:ring-1 invalid:border-pink-500 invalid:text-pink-600 focus:invalid:border-pink-500 focus:invalid:ring-pink-500 disabled:shadow-none"
                data-testid="username"
                id="username"
                name="username"
                type="text"
                value="chrisbrady"
              />
            </div>
          </div>
          <div
            class="mt-5"
          >
            <label
              class="password-heading"
              for="password"
            >
              Password
            </label>
            <div
              class="mt-1"
            >
              <input
                class="px-3 py-3 bg-white border shadow-sm border-slate-300 placeholder-slate-400  disabled:bg-slate-50 disabled:text-slate-500 disabled:border-slate-200 focus:outline-none focus:border-sky-500 focus:ring-sky-500 block w-full rounded-md sm:text-sm focus:ring-1 invalid:border-pink-500 invalid:text-pink-600 focus:invalid:border-pink-500 focus:invalid:ring-pink-500 disabled:shadow-none"
                data-testid="password"
                id="password"
                name="password"
                type="password"
                value="password123"
              />
            </div>
          </div>
          <div
            class="mt-9 mb-4 text-center"
          >
            <button
              class="bg-sky-700 px-5 py-3 login-button"
              data-testid="submit"
              type="submit"
            >
              <svg
                class="bi bi-box-arrow-in-right"
                fill="currentColor"
                height="20"
                viewBox="0 0 16 16"
                width="20"
                xmlns="http://www.w3.org/2000/svg"
              >
                <path
                  d="M6 3.5a.5.5 0 0 1 .5-.5h8a.5.5 0 0 1 .5.5v9a.5.5 0 0 1-.5.5h-8a.5.5 0 0 1-.5-.5v-2a.5.5 0 0 0-1 0v2A1.5 1.5 0 0 0 6.5 14h8a1.5 1.5 0 0 0 1.5-1.5v-9A1.5 1.5 0 0 0 14.5 2h-8A1.5 1.5 0 0 0 5 3.5v2a.5.5 0 0 0 1 0z"
                  fill-rule="evenodd"
                />
                <path
                  d="M11.854 8.354a.5.5 0 0 0 0-.708l-3-3a.5.5 0 1 0-.708.708L10.293 7.5H1.5a.5.5 0 0 0 0 1h8.793l-2.147 2.146a.5.5 0 0 0 .708.708z"
                  fill-rule="evenodd"
                />
              </svg>
              Login
            </button>
          </div>
        </form>
      </div>
    </div>
  </body>,
  "container": <div>
    <div
      class="login-container"
    >
      <h1
        class="login-header mt-5 mb-5"
        data-testid="login-heading"
      >
        Login
      </h1>
      <form>
        <div>
          <label
            class="username-heading"
            for="username"
          >
            Username
          </label>
          <div
            class="mt-1"
          >
            <input
              class="px-3 py-3 bg-white border shadow-sm border-slate-300 placeholder-slate-400  disabled:bg-slate-50 disabled:text-slate-500 disabled:border-slate-200 focus:outline-none focus:border-sky-500 focus:ring-sky-500 block w-full rounded-md sm:text-sm focus:ring-1 invalid:border-pink-500 invalid:text-pink-600 focus:invalid:border-pink-500 focus:invalid:ring-pink-500 disabled:shadow-none"
              data-testid="username"
              id="username"
              name="username"
              type="text"
              value="chrisbrady"
            />
          </div>
        </div>
        <div
          class="mt-5"
        >
          <label
            class="password-heading"
            for="password"
          >
            Password
          </label>
          <div
            class="mt-1"
          >
            <input
              class="px-3 py-3 bg-white border shadow-sm border-slate-300 placeholder-slate-400  disabled:bg-slate-50 disabled:text-slate-500 disabled:border-slate-200 focus:outline-none focus:border-sky-500 focus:ring-sky-500 block w-full rounded-md sm:text-sm focus:ring-1 invalid:border-pink-500 invalid:text-pink-600 focus:invalid:border-pink-500 focus:invalid:ring-pink-500 disabled:shadow-none"
              data-testid="password"
              id="password"
              name="password"
              type="password"
              value="password123"
            />
          </div>
        </div>
        <div
          class="mt-9 mb-4 text-center"
        >
          <button
            class="bg-sky-700 px-5 py-3 login-button"
            data-testid="submit"
            type="submit"
          >
            <svg
              class="bi bi-box-arrow-in-right"
              fill="currentColor"
              height="20"
              viewBox="0 0 16 16"
              width="20"
              xmlns="http://www.w3.org/2000/svg"
            >
              <path
                d="M6 3.5a.5.5 0 0 1 .5-.5h8a.5.5 0 0 1 .5.5v9a.5.5 0 0 1-.5.5h-8a.5.5 0 0 1-.5-.5v-2a.5.5 0 0 0-1 0v2A1.5 1.5 0 0 0 6.5 14h8a1.5 1.5 0 0 0 1.5-1.5v-9A1.5 1.5 0 0 0 14.5 2h-8A1.5 1.5 0 0 0 5 3.5v2a.5.5 0 0 0 1 0z"
                fill-rule="evenodd"
              />
              <path
                d="M11.854 8.354a.5.5 0 0 0 0-.708l-3-3a.5.5 0 1 0-.708.708L10.293 7.5H1.5a.5.5 0 0 0 0 1h8.793l-2.147 2.146a.5.5 0 0 0 .708.708z"
                fill-rule="evenodd"
              />
            </svg>
            Login
          </button>
        </div>
      </form>
    </div>
  </div>,
  "debug": [Function],
  "findAllByAltText": [Function],
  "findAllByDisplayValue": [Function],
  "findAllByLabelText": [Function],
  "findAllByPlaceholderText": [Function],
  "findAllByRole": [Function],
  "findAllByTestId": [Function],
  "findAllByText": [Function],
  "findAllByTitle": [Function],
  "findByAltText": [Function],
  "findByDisplayValue": [Function],
  "findByLabelText": [Function],
  "findByPlaceholderText": [Function],
  "findByRole": [Function],
  "findByTestId": [Function],
  "findByText": [Function],
  "findByTitle": [Function],
  "getAllByAltText": [Function],
  "getAllByDisplayValue": [Function],
  "getAllByLabelText": [Function],
  "getAllByPlaceholderText": [Function],
  "getAllByRole": [Function],
  "getAllByTestId": [Function],
  "getAllByText": [Function],
  "getAllByTitle": [Function],
  "getByAltText": [Function],
  "getByDisplayValue": [Function],
  "getByLabelText": [Function],
  "getByPlaceholderText": [Function],
  "getByRole": [Function],
  "getByTestId": [Function],
  "getByText": [Function],
  "getByTitle": [Function],
  "queryAllByAltText": [Function],
  "queryAllByDisplayValue": [Function],
  "queryAllByLabelText": [Function],
  "queryAllByPlaceholderText": [Function],
  "queryAllByRole": [Function],
  "queryAllByTestId": [Function],
  "queryAllByText": [Function],
  "queryAllByTitle": [Function],
  "queryByAltText": [Function],
  "queryByDisplayValue": [Function],
  "queryByLabelText": [Function],
  "queryByPlaceholderText": [Function],
  "queryByRole": [Function],
  "queryByTestId": [Function],
  "queryByText": [Function],
  "queryByTitle": [Function],
  "rerender": [Function],
  "unmount": [Function],
}
`;
