// Jest Snapshot v1, https://goo.gl/fbAQLP

exports[`Nav should render the component 1`] = `
Object {
  "asFragment": [Function],
  "baseElement": <body>
    <div>
      <nav
        class="mx-0 flex justify-center space-x-4 navbar"
      >
        <a
          class="nav-link px-5"
          href="/"
        >
          <svg
            class="bi bi-house"
            fill="currentColor"
            height="20"
            viewBox="0 0 16 16"
            width="20"
            xmlns="http://www.w3.org/2000/svg"
          >
            <path
              d="M8.707 1.5a1 1 0 0 0-1.414 0L.646 8.146a.5.5 0 0 0 .708.708L2 8.207V13.5A1.5 1.5 0 0 0 3.5 15h9a1.5 1.5 0 0 0 1.5-1.5V8.207l.646.647a.5.5 0 0 0 .708-.708L13 5.793V2.5a.5.5 0 0 0-.5-.5h-1a.5.5 0 0 0-.5.5v1.293zM13 7.207V13.5a.5.5 0 0 1-.5.5h-9a.5.5 0 0 1-.5-.5V7.207l5-5z"
            />
          </svg>
          Home
        </a>
        <a
          class="nav-link px-5"
          href="/new"
        >
          <svg
            class="bi bi-file-earmark-plus"
            fill="currentColor"
            height="20"
            viewBox="0 0 16 16"
            width="20"
            xmlns="http://www.w3.org/2000/svg"
          >
            <path
              d="M8 6.5a.5.5 0 0 1 .5.5v1.5H10a.5.5 0 0 1 0 1H8.5V11a.5.5 0 0 1-1 0V9.5H6a.5.5 0 0 1 0-1h1.5V7a.5.5 0 0 1 .5-.5"
            />
            <path
              d="M14 4.5V14a2 2 0 0 1-2 2H4a2 2 0 0 1-2-2V2a2 2 0 0 1 2-2h5.5zm-3 0A1.5 1.5 0 0 1 9.5 3V1H4a1 1 0 0 0-1 1v12a1 1 0 0 0 1 1h8a1 1 0 0 0 1-1V4.5z"
            />
          </svg>
          New Poll
        </a>
        <a
          class="nav-link px-5"
          href="/leaderboard"
        >
          <svg
            class="bi bi-trophy"
            fill="currentColor"
            height="20"
            viewBox="0 0 16 16"
            width="20"
            xmlns="http://www.w3.org/2000/svg"
          >
            <path
              d="M2.5.5A.5.5 0 0 1 3 0h10a.5.5 0 0 1 .5.5q0 .807-.034 1.536a3 3 0 1 1-1.133 5.89c-.79 1.865-1.878 2.777-2.833 3.011v2.173l1.425.356c.194.048.377.135.537.255L13.3 15.1a.5.5 0 0 1-.3.9H3a.5.5 0 0 1-.3-.9l1.838-1.379c.16-.12.343-.207.537-.255L6.5 13.11v-2.173c-.955-.234-2.043-1.146-2.833-3.012a3 3 0 1 1-1.132-5.89A33 33 0 0 1 2.5.5m.099 2.54a2 2 0 0 0 .72 3.935c-.333-1.05-.588-2.346-.72-3.935m10.083 3.935a2 2 0 0 0 .72-3.935c-.133 1.59-.388 2.885-.72 3.935M3.504 1q.01.775.056 1.469c.13 2.028.457 3.546.87 4.667C5.294 9.48 6.484 10 7 10a.5.5 0 0 1 .5.5v2.61a1 1 0 0 1-.757.97l-1.426.356a.5.5 0 0 0-.179.085L4.5 15h7l-.638-.479a.5.5 0 0 0-.18-.085l-1.425-.356a1 1 0 0 1-.757-.97V10.5A.5.5 0 0 1 9 10c.516 0 1.706-.52 2.57-2.864.413-1.12.74-2.64.87-4.667q.045-.694.056-1.469z"
            />
          </svg>
          Leaderboard
        </a>
        <span
          class="nav-link px-5"
          data-testid="user-information"
        >
          Login Name: 
          chrisbrady
        </span>
        <button
          class="bg-sky-700 px-5 py-3 login-button"
        >
          <svg
            class="bi bi-box-arrow-left"
            fill="currentColor"
            height="20"
            viewBox="0 0 16 16"
            width="20"
            xmlns="http://www.w3.org/2000/svg"
          >
            <path
              d="M6 12.5a.5.5 0 0 0 .5.5h8a.5.5 0 0 0 .5-.5v-9a.5.5 0 0 0-.5-.5h-8a.5.5 0 0 0-.5.5v2a.5.5 0 0 1-1 0v-2A1.5 1.5 0 0 1 6.5 2h8A1.5 1.5 0 0 1 16 3.5v9a1.5 1.5 0 0 1-1.5 1.5h-8A1.5 1.5 0 0 1 5 12.5v-2a.5.5 0 0 1 1 0z"
              fill-rule="evenodd"
            />
            <path
              d="M.146 8.354a.5.5 0 0 1 0-.708l3-3a.5.5 0 1 1 .708.708L1.707 7.5H10.5a.5.5 0 0 1 0 1H1.707l2.147 2.146a.5.5 0 0 1-.708.708z"
              fill-rule="evenodd"
            />
          </svg>
          Logout
        </button>
      </nav>
    </div>
  </body>,
  "container": <div>
    <nav
      class="mx-0 flex justify-center space-x-4 navbar"
    >
      <a
        class="nav-link px-5"
        href="/"
      >
        <svg
          class="bi bi-house"
          fill="currentColor"
          height="20"
          viewBox="0 0 16 16"
          width="20"
          xmlns="http://www.w3.org/2000/svg"
        >
          <path
            d="M8.707 1.5a1 1 0 0 0-1.414 0L.646 8.146a.5.5 0 0 0 .708.708L2 8.207V13.5A1.5 1.5 0 0 0 3.5 15h9a1.5 1.5 0 0 0 1.5-1.5V8.207l.646.647a.5.5 0 0 0 .708-.708L13 5.793V2.5a.5.5 0 0 0-.5-.5h-1a.5.5 0 0 0-.5.5v1.293zM13 7.207V13.5a.5.5 0 0 1-.5.5h-9a.5.5 0 0 1-.5-.5V7.207l5-5z"
          />
        </svg>
        Home
      </a>
      <a
        class="nav-link px-5"
        href="/new"
      >
        <svg
          class="bi bi-file-earmark-plus"
          fill="currentColor"
          height="20"
          viewBox="0 0 16 16"
          width="20"
          xmlns="http://www.w3.org/2000/svg"
        >
          <path
            d="M8 6.5a.5.5 0 0 1 .5.5v1.5H10a.5.5 0 0 1 0 1H8.5V11a.5.5 0 0 1-1 0V9.5H6a.5.5 0 0 1 0-1h1.5V7a.5.5 0 0 1 .5-.5"
          />
          <path
            d="M14 4.5V14a2 2 0 0 1-2 2H4a2 2 0 0 1-2-2V2a2 2 0 0 1 2-2h5.5zm-3 0A1.5 1.5 0 0 1 9.5 3V1H4a1 1 0 0 0-1 1v12a1 1 0 0 0 1 1h8a1 1 0 0 0 1-1V4.5z"
          />
        </svg>
        New Poll
      </a>
      <a
        class="nav-link px-5"
        href="/leaderboard"
      >
        <svg
          class="bi bi-trophy"
          fill="currentColor"
          height="20"
          viewBox="0 0 16 16"
          width="20"
          xmlns="http://www.w3.org/2000/svg"
        >
          <path
            d="M2.5.5A.5.5 0 0 1 3 0h10a.5.5 0 0 1 .5.5q0 .807-.034 1.536a3 3 0 1 1-1.133 5.89c-.79 1.865-1.878 2.777-2.833 3.011v2.173l1.425.356c.194.048.377.135.537.255L13.3 15.1a.5.5 0 0 1-.3.9H3a.5.5 0 0 1-.3-.9l1.838-1.379c.16-.12.343-.207.537-.255L6.5 13.11v-2.173c-.955-.234-2.043-1.146-2.833-3.012a3 3 0 1 1-1.132-5.89A33 33 0 0 1 2.5.5m.099 2.54a2 2 0 0 0 .72 3.935c-.333-1.05-.588-2.346-.72-3.935m10.083 3.935a2 2 0 0 0 .72-3.935c-.133 1.59-.388 2.885-.72 3.935M3.504 1q.01.775.056 1.469c.13 2.028.457 3.546.87 4.667C5.294 9.48 6.484 10 7 10a.5.5 0 0 1 .5.5v2.61a1 1 0 0 1-.757.97l-1.426.356a.5.5 0 0 0-.179.085L4.5 15h7l-.638-.479a.5.5 0 0 0-.18-.085l-1.425-.356a1 1 0 0 1-.757-.97V10.5A.5.5 0 0 1 9 10c.516 0 1.706-.52 2.57-2.864.413-1.12.74-2.64.87-4.667q.045-.694.056-1.469z"
          />
        </svg>
        Leaderboard
      </a>
      <span
        class="nav-link px-5"
        data-testid="user-information"
      >
        Login Name: 
        chrisbrady
      </span>
      <button
        class="bg-sky-700 px-5 py-3 login-button"
      >
        <svg
          class="bi bi-box-arrow-left"
          fill="currentColor"
          height="20"
          viewBox="0 0 16 16"
          width="20"
          xmlns="http://www.w3.org/2000/svg"
        >
          <path
            d="M6 12.5a.5.5 0 0 0 .5.5h8a.5.5 0 0 0 .5-.5v-9a.5.5 0 0 0-.5-.5h-8a.5.5 0 0 0-.5.5v2a.5.5 0 0 1-1 0v-2A1.5 1.5 0 0 1 6.5 2h8A1.5 1.5 0 0 1 16 3.5v9a1.5 1.5 0 0 1-1.5 1.5h-8A1.5 1.5 0 0 1 5 12.5v-2a.5.5 0 0 1 1 0z"
            fill-rule="evenodd"
          />
          <path
            d="M.146 8.354a.5.5 0 0 1 0-.708l3-3a.5.5 0 1 1 .708.708L1.707 7.5H10.5a.5.5 0 0 1 0 1H1.707l2.147 2.146a.5.5 0 0 1-.708.708z"
            fill-rule="evenodd"
          />
        </svg>
        Logout
      </button>
    </nav>
  </div>,
  "debug": [Function],
  "findAllByAltText": [Function],
  "findAllByDisplayValue": [Function],
  "findAllByLabelText": [Function],
  "findAllByPlaceholderText": [Function],
  "findAllByRole": [Function],
  "findAllByTestId": [Function],
  "findAllByText": [Function],
  "findAllByTitle": [Function],
  "findByAltText": [Function],
  "findByDisplayValue": [Function],
  "findByLabelText": [Function],
  "findByPlaceholderText": [Function],
  "findByRole": [Function],
  "findByTestId": [Function],
  "findByText": [Function],
  "findByTitle": [Function],
  "getAllByAltText": [Function],
  "getAllByDisplayValue": [Function],
  "getAllByLabelText": [Function],
  "getAllByPlaceholderText": [Function],
  "getAllByRole": [Function],
  "getAllByTestId": [Function],
  "getAllByText": [Function],
  "getAllByTitle": [Function],
  "getByAltText": [Function],
  "getByDisplayValue": [Function],
  "getByLabelText": [Function],
  "getByPlaceholderText": [Function],
  "getByRole": [Function],
  "getByTestId": [Function],
  "getByText": [Function],
  "getByTitle": [Function],
  "queryAllByAltText": [Function],
  "queryAllByDisplayValue": [Function],
  "queryAllByLabelText": [Function],
  "queryAllByPlaceholderText": [Function],
  "queryAllByRole": [Function],
  "queryAllByTestId": [Function],
  "queryAllByText": [Function],
  "queryAllByTitle": [Function],
  "queryByAltText": [Function],
  "queryByDisplayValue": [Function],
  "queryByLabelText": [Function],
  "queryByPlaceholderText": [Function],
  "queryByRole": [Function],
  "queryByTestId": [Function],
  "queryByText": [Function],
  "queryByTitle": [Function],
  "rerender": [Function],
  "unmount": [Function],
}
`;
