// Jest Snapshot v1, https://goo.gl/fbAQLP

exports[`NewPoll should render the component 1`] = `
Object {
  "asFragment": [Function],
  "baseElement": <body>
    <div>
      <div
        class="newpoll-container"
      >
        <h1
          class="newpoll-heading mt-9"
        >
          New Poll
        </h1>
        <form>
          <div
            class="mt-3"
          >
            <label
              class="block password-heading"
              data-testid="firstOptionLabel"
              for="firstOption"
            >
              First Option
            </label>
            <div
              class="mt-1"
            >
              <input
                class="px-3 py-2 bg-white border shadow-sm border-slate-300 placeholder-slate-400  disabled:bg-slate-50 disabled:text-slate-500 disabled:border-slate-200 focus:outline-none focus:border-sky-500 focus:ring-sky-500 block w-full rounded-md sm:text-sm focus:ring-1 invalid:border-pink-500 invalid:text-pink-600 focus:invalid:border-pink-500 focus:invalid:ring-pink-500 disabled:shadow-none"
                data-testid="firstOption"
                id="firstOption"
                name="firstOption"
                type="text"
                value=""
              />
            </div>
          </div>
          <div
            class="mt-3"
          >
            <label
              class="block password-heading"
              data-testid="secondOptionLabel"
              for="secondOption"
            >
              Second Option
            </label>
            <div
              class="mt-1"
            >
              <input
                class="px-3 py-2 bg-white border shadow-sm border-slate-300 placeholder-slate-400  disabled:bg-slate-50 disabled:text-slate-500 disabled:border-slate-200 focus:outline-none focus:border-sky-500 focus:ring-sky-500 block w-full rounded-md sm:text-sm focus:ring-1 invalid:border-pink-500 invalid:text-pink-600 focus:invalid:border-pink-500 focus:invalid:ring-pink-500 disabled:shadow-none"
                data-testid="secondOption"
                id="secondOption"
                name="secondOption"
                type="text"
                value=""
              />
            </div>
          </div>
          <div
            class="mt-6 text-right"
          >
            <button
              class="bg-sky-700 px-5 py-3 login-button"
              data-testid="submit-poll"
              type="submit"
            >
              <svg
                class="bi bi-send"
                fill="currentColor"
                height="20"
                viewBox="0 0 16 16"
                width="20"
                xmlns="http://www.w3.org/2000/svg"
              >
                <path
                  d="M15.854.146a.5.5 0 0 1 .11.54l-5.819 14.547a.75.75 0 0 1-1.329.124l-3.178-4.995L.643 7.184a.75.75 0 0 1 .124-1.33L15.314.037a.5.5 0 0 1 .54.11ZM6.636 10.07l2.761 4.338L14.13 2.576zm6.787-8.201L1.591 6.602l4.339 2.76z"
                />
              </svg>
              Submit
            </button>
          </div>
        </form>
      </div>
    </div>
  </body>,
  "container": <div>
    <div
      class="newpoll-container"
    >
      <h1
        class="newpoll-heading mt-9"
      >
        New Poll
      </h1>
      <form>
        <div
          class="mt-3"
        >
          <label
            class="block password-heading"
            data-testid="firstOptionLabel"
            for="firstOption"
          >
            First Option
          </label>
          <div
            class="mt-1"
          >
            <input
              class="px-3 py-2 bg-white border shadow-sm border-slate-300 placeholder-slate-400  disabled:bg-slate-50 disabled:text-slate-500 disabled:border-slate-200 focus:outline-none focus:border-sky-500 focus:ring-sky-500 block w-full rounded-md sm:text-sm focus:ring-1 invalid:border-pink-500 invalid:text-pink-600 focus:invalid:border-pink-500 focus:invalid:ring-pink-500 disabled:shadow-none"
              data-testid="firstOption"
              id="firstOption"
              name="firstOption"
              type="text"
              value=""
            />
          </div>
        </div>
        <div
          class="mt-3"
        >
          <label
            class="block password-heading"
            data-testid="secondOptionLabel"
            for="secondOption"
          >
            Second Option
          </label>
          <div
            class="mt-1"
          >
            <input
              class="px-3 py-2 bg-white border shadow-sm border-slate-300 placeholder-slate-400  disabled:bg-slate-50 disabled:text-slate-500 disabled:border-slate-200 focus:outline-none focus:border-sky-500 focus:ring-sky-500 block w-full rounded-md sm:text-sm focus:ring-1 invalid:border-pink-500 invalid:text-pink-600 focus:invalid:border-pink-500 focus:invalid:ring-pink-500 disabled:shadow-none"
              data-testid="secondOption"
              id="secondOption"
              name="secondOption"
              type="text"
              value=""
            />
          </div>
        </div>
        <div
          class="mt-6 text-right"
        >
          <button
            class="bg-sky-700 px-5 py-3 login-button"
            data-testid="submit-poll"
            type="submit"
          >
            <svg
              class="bi bi-send"
              fill="currentColor"
              height="20"
              viewBox="0 0 16 16"
              width="20"
              xmlns="http://www.w3.org/2000/svg"
            >
              <path
                d="M15.854.146a.5.5 0 0 1 .11.54l-5.819 14.547a.75.75 0 0 1-1.329.124l-3.178-4.995L.643 7.184a.75.75 0 0 1 .124-1.33L15.314.037a.5.5 0 0 1 .54.11ZM6.636 10.07l2.761 4.338L14.13 2.576zm6.787-8.201L1.591 6.602l4.339 2.76z"
              />
            </svg>
            Submit
          </button>
        </div>
      </form>
    </div>
  </div>,
  "debug": [Function],
  "findAllByAltText": [Function],
  "findAllByDisplayValue": [Function],
  "findAllByLabelText": [Function],
  "findAllByPlaceholderText": [Function],
  "findAllByRole": [Function],
  "findAllByTestId": [Function],
  "findAllByText": [Function],
  "findAllByTitle": [Function],
  "findByAltText": [Function],
  "findByDisplayValue": [Function],
  "findByLabelText": [Function],
  "findByPlaceholderText": [Function],
  "findByRole": [Function],
  "findByTestId": [Function],
  "findByText": [Function],
  "findByTitle": [Function],
  "getAllByAltText": [Function],
  "getAllByDisplayValue": [Function],
  "getAllByLabelText": [Function],
  "getAllByPlaceholderText": [Function],
  "getAllByRole": [Function],
  "getAllByTestId": [Function],
  "getAllByText": [Function],
  "getAllByTitle": [Function],
  "getByAltText": [Function],
  "getByDisplayValue": [Function],
  "getByLabelText": [Function],
  "getByPlaceholderText": [Function],
  "getByRole": [Function],
  "getByTestId": [Function],
  "getByText": [Function],
  "getByTitle": [Function],
  "queryAllByAltText": [Function],
  "queryAllByDisplayValue": [Function],
  "queryAllByLabelText": [Function],
  "queryAllByPlaceholderText": [Function],
  "queryAllByRole": [Function],
  "queryAllByTestId": [Function],
  "queryAllByText": [Function],
  "queryAllByTitle": [Function],
  "queryByAltText": [Function],
  "queryByDisplayValue": [Function],
  "queryByLabelText": [Function],
  "queryByPlaceholderText": [Function],
  "queryByRole": [Function],
  "queryByTestId": [Function],
  "queryByText": [Function],
  "queryByTitle": [Function],
  "rerender": [Function],
  "unmount": [Function],
}
`;
